// Vitest Snapshot v1, https://vitest.dev/guide/snapshot.html

exports[`<TOTP.Countdown /> > conforme au snapshot avec TOTP 1`] = `
<DocumentFragment>
  <div
    class="ant-row totp-container css-dev-only-do-not-override-yta69t css-var-r0"
    style="margin-left: -4px; margin-right: -4px; row-gap: 8px;"
  >
    <div
      class="ant-col ant-col-24 css-dev-only-do-not-override-yta69t css-var-r0"
      style="padding-left: 4px; padding-right: 4px;"
    >
      <div
        class="ant-flex css-dev-only-do-not-override-yta69t css-var-r0 ant-flex-align-center ant-flex-justify-center"
        style="gap: 6px;"
      >
        <h3
          class="ant-typography css-dev-only-do-not-override-yta69t css-var-r0"
        >
          Code : 123456
        </h3>
      </div>
    </div>
    <div
      class="ant-col ant-col-24 css-dev-only-do-not-override-yta69t css-var-r0"
      style="padding-left: 4px; padding-right: 4px;"
    >
      <div
        aria-valuemax="100"
        aria-valuemin="0"
        aria-valuenow="101"
        class="ant-progress ant-progress-status-success ant-progress-line ant-progress-line-align-end ant-progress-line-position-outer ant-progress-show-info ant-progress-default css-dev-only-do-not-override-yta69t css-var-r0"
        data-testid="totp-countdown-id"
        role="progressbar"
      >
        <div
          class="ant-progress-outer"
          style="width: 100%;"
        >
          <div
            class="ant-progress-inner"
          >
            <div
              class="ant-progress-bg ant-progress-bg-outer"
              style="width: 100%; height: 8px; --progress-line-stroke-color: var(--ant-color-info); --progress-percent: 1;"
            />
          </div>
          <span
            class="ant-progress-text ant-progress-text-end ant-progress-text-outer"
            title=""
          />
        </div>
      </div>
    </div>
  </div>
</DocumentFragment>
`;

exports[`<TOTP.Countdown /> > conforme au snapshot sans TOTP 1`] = `
<DocumentFragment>
  <div
    class="ant-row totp-container css-dev-only-do-not-override-yta69t css-var-r1"
    style="margin-left: -4px; margin-right: -4px; row-gap: 8px;"
  >
    <div
      class="ant-col ant-col-24 css-dev-only-do-not-override-yta69t css-var-r1"
      style="padding-left: 4px; padding-right: 4px;"
    >
      <div
        class="ant-flex css-dev-only-do-not-override-yta69t css-var-r1 ant-flex-align-center ant-flex-justify-center"
        style="gap: 6px;"
      >
        <h3
          class="ant-typography css-dev-only-do-not-override-yta69t css-var-r1"
        >
          Code : -
        </h3>
      </div>
    </div>
  </div>
</DocumentFragment>
`;
